// Jest Snapshot v1, https://goo.gl/fbAQLP

exports[`MoreInfo should render correctly 1`] = `
<body>
  <div>
    <div
      class="css-m69qwo-MuiStack-root"
      style="justify-content: end; margin-left: auto;"
    >
      <button
        class="MuiButtonBase-root css-10d1a0h-MuiButtonBase-root"
        data-testid="more-info-menu-button:test"
        tabindex="0"
        type="button"
      >
        <svg
          aria-hidden="true"
          class="MuiSvgIcon-root MuiSvgIcon-fontSizeMedium css-i4bv87-MuiSvgIcon-root"
          data-testid="MoreVertIcon"
          focusable="false"
          viewBox="0 0 24 24"
        >
          <path
            d="M12 8c1.1 0 2-.9 2-2s-.9-2-2-2-2 .9-2 2 .9 2 2 2zm0 2c-1.1 0-2 .9-2 2s.9 2 2 2 2-.9 2-2-.9-2-2-2zm0 6c-1.1 0-2 .9-2 2s.9 2 2 2 2-.9 2-2-.9-2-2-2z"
          />
        </svg>
        <span
          class="MuiTouchRipple-root css-8je8zh-MuiTouchRipple-root"
        />
      </button>
    </div>
  </div>
</body>
`;
