// Jest Snapshot v1, https://goo.gl/fbAQLP

exports[`VCOptions should render correctly 1`] = `
<body>
  <div>
    <div
      class="MuiBox-root css-0"
    >
      <h5
        class="MuiTypography-root MuiTypography-h5 css-1sv2wdh-MuiTypography-root"
        tabindex="0"
      >
        Verifiable Credential Options
      </h5>
      <div
        class="MuiFormControl-root MuiFormControl-fullWidth css-1lof2qr-MuiFormControl-root"
      >
        <label
          aria-label="Select a document to issue. "
          class="MuiFormLabel-root MuiInputLabel-root MuiInputLabel-formControl MuiInputLabel-animated MuiInputLabel-outlined MuiFormLabel-colorPrimary MuiInputLabel-root MuiInputLabel-formControl MuiInputLabel-animated MuiInputLabel-outlined css-14s5rfu-MuiFormLabel-root-MuiInputLabel-root"
          data-shrink="false"
          for="select-input-label-id"
          id="form-select-label"
        >
          Document Type
        </label>
        <div
          class="MuiInputBase-root MuiOutlinedInput-root MuiInputBase-colorPrimary MuiInputBase-formControl  css-1yk1gt9-MuiInputBase-root-MuiOutlinedInput-root-MuiSelect-root"
          data-testid="form-select-document-type"
          role="listbox"
        >
          <div
            aria-expanded="false"
            aria-haspopup="listbox"
            aria-labelledby="form-select-label"
            class="MuiSelect-select MuiSelect-outlined MuiInputBase-input MuiOutlinedInput-input css-11u53oe-MuiSelect-select-MuiInputBase-input-MuiOutlinedInput-input"
            role="button"
            tabindex="0"
          >
            <span
              class="notranslate"
            >
              ​
            </span>
          </div>
          <input
            aria-hidden="true"
            class="MuiSelect-nativeInput css-yf8vq0-MuiSelect-nativeInput"
            id="select-input-label-id"
            tabindex="-1"
            value=""
          />
          <svg
            aria-hidden="true"
            class="MuiSvgIcon-root MuiSvgIcon-fontSizeMedium MuiSelect-icon MuiSelect-iconOutlined css-hfutr2-MuiSvgIcon-root-MuiSelect-icon"
            data-testid="ArrowDropDownIcon"
            focusable="false"
            viewBox="0 0 24 24"
          >
            <path
              d="M7 10l5 5 5-5z"
            />
          </svg>
          <fieldset
            aria-hidden="true"
            class="MuiOutlinedInput-notchedOutline css-1d3z3hw-MuiOutlinedInput-notchedOutline"
          >
            <legend
              class="css-yjsfm1"
            >
              <span>
                Document Type
              </span>
            </legend>
          </fieldset>
        </div>
      </div>
      <div
        class="MuiFormControl-root MuiFormControl-fullWidth css-1lof2qr-MuiFormControl-root"
      >
        <label
          aria-label="Select a form type "
          class="MuiFormLabel-root MuiInputLabel-root MuiInputLabel-formControl MuiInputLabel-animated MuiInputLabel-outlined MuiFormLabel-colorPrimary MuiInputLabel-root MuiInputLabel-formControl MuiInputLabel-animated MuiInputLabel-outlined css-14s5rfu-MuiFormLabel-root-MuiInputLabel-root"
          data-shrink="false"
          for="select-input-label-id-form-type"
          id="form-select-label-form-type"
        >
          Form Type
        </label>
        <div
          class="MuiInputBase-root MuiOutlinedInput-root MuiInputBase-colorPrimary MuiInputBase-formControl  css-1yk1gt9-MuiInputBase-root-MuiOutlinedInput-root-MuiSelect-root"
          data-testid="form-select-form-type"
          role="listbox"
        >
          <div
            aria-expanded="false"
            aria-haspopup="listbox"
            aria-labelledby="form-select-label-form-type"
            class="MuiSelect-select MuiSelect-outlined MuiInputBase-input MuiOutlinedInput-input css-11u53oe-MuiSelect-select-MuiInputBase-input-MuiOutlinedInput-input"
            role="button"
            tabindex="0"
          >
            <span
              class="notranslate"
            >
              ​
            </span>
          </div>
          <input
            aria-hidden="true"
            class="MuiSelect-nativeInput css-yf8vq0-MuiSelect-nativeInput"
            id="select-input-label-id-form-type"
            tabindex="-1"
            value=""
          />
          <svg
            aria-hidden="true"
            class="MuiSvgIcon-root MuiSvgIcon-fontSizeMedium MuiSelect-icon MuiSelect-iconOutlined css-hfutr2-MuiSvgIcon-root-MuiSelect-icon"
            data-testid="ArrowDropDownIcon"
            focusable="false"
            viewBox="0 0 24 24"
          >
            <path
              d="M7 10l5 5 5-5z"
            />
          </svg>
          <fieldset
            aria-hidden="true"
            class="MuiOutlinedInput-notchedOutline css-1d3z3hw-MuiOutlinedInput-notchedOutline"
          >
            <legend
              class="css-yjsfm1"
            >
              <span>
                Form Type
              </span>
            </legend>
          </fieldset>
        </div>
      </div>
      <div
        class="MuiFormControl-root MuiFormControl-fullWidth css-1lof2qr-MuiFormControl-root"
      >
        <label
          aria-label="Select a credential type "
          class="MuiFormLabel-root MuiInputLabel-root MuiInputLabel-formControl MuiInputLabel-animated MuiInputLabel-outlined MuiFormLabel-colorPrimary MuiInputLabel-root MuiInputLabel-formControl MuiInputLabel-animated MuiInputLabel-outlined css-14s5rfu-MuiFormLabel-root-MuiInputLabel-root"
          data-shrink="false"
          for="select-input-label-id-credential-type"
          id="form-select-label-credential-type"
        >
          Credential Type
        </label>
        <div
          class="MuiInputBase-root MuiOutlinedInput-root MuiInputBase-colorPrimary MuiInputBase-formControl  css-1yk1gt9-MuiInputBase-root-MuiOutlinedInput-root-MuiSelect-root"
          data-testid="form-select-credential-type"
          role="listbox"
        >
          <div
            aria-expanded="false"
            aria-haspopup="listbox"
            aria-labelledby="form-select-label-credential-type"
            class="MuiSelect-select MuiSelect-outlined MuiInputBase-input MuiOutlinedInput-input css-11u53oe-MuiSelect-select-MuiInputBase-input-MuiOutlinedInput-input"
            role="button"
            tabindex="0"
          >
            <span
              class="notranslate"
            >
              ​
            </span>
          </div>
          <input
            aria-hidden="true"
            class="MuiSelect-nativeInput css-yf8vq0-MuiSelect-nativeInput"
            id="select-input-label-id-credential-type"
            tabindex="-1"
            value=""
          />
          <svg
            aria-hidden="true"
            class="MuiSvgIcon-root MuiSvgIcon-fontSizeMedium MuiSelect-icon MuiSelect-iconOutlined css-hfutr2-MuiSvgIcon-root-MuiSelect-icon"
            data-testid="ArrowDropDownIcon"
            focusable="false"
            viewBox="0 0 24 24"
          >
            <path
              d="M7 10l5 5 5-5z"
            />
          </svg>
          <fieldset
            aria-hidden="true"
            class="MuiOutlinedInput-notchedOutline css-1d3z3hw-MuiOutlinedInput-notchedOutline"
          >
            <legend
              class="css-yjsfm1"
            >
              <span>
                Credential Type
              </span>
            </legend>
          </fieldset>
        </div>
      </div>
      <div
        class="MuiBox-root css-1oknf09"
      >
        <button
          class="MuiButtonBase-root MuiButton-root MuiButton-outlined MuiButton-outlinedError MuiButton-sizeMedium MuiButton-outlinedSizeMedium MuiButton-root MuiButton-outlined MuiButton-outlinedError MuiButton-sizeMedium MuiButton-outlinedSizeMedium css-1h2qilq-MuiButtonBase-root-MuiButton-root"
          data-testid="button:Cancel"
          tabindex="0"
          type="button"
        >
          <div
            class="css-doi3ij-MuiStack-root"
          >
            <p
              class="MuiTypography-root MuiTypography-body2 css-e784if-MuiTypography-root"
              data-testid="button:Cancel:label"
              tabindex="0"
            >
              Cancel
            </p>
          </div>
          <span
            class="MuiTouchRipple-root css-8je8zh-MuiTouchRipple-root"
          />
        </button>
        <button
          class="MuiButtonBase-root MuiButton-root MuiButton-contained MuiButton-containedPrimary MuiButton-sizeMedium MuiButton-containedSizeMedium Mui-disabled MuiButton-root MuiButton-contained MuiButton-containedPrimary MuiButton-sizeMedium MuiButton-containedSizeMedium css-1yt9wte-MuiButtonBase-root-MuiButton-root"
          data-testid="button:Next"
          disabled=""
          tabindex="-1"
          type="button"
        >
          <div
            class="css-doi3ij-MuiStack-root"
          >
            <p
              class="MuiTypography-root MuiTypography-body2 css-e784if-MuiTypography-root"
              data-testid="button:Next:label"
              tabindex="0"
            >
              Next
            </p>
          </div>
        </button>
      </div>
    </div>
  </div>
</body>
`;
