// Jest Snapshot v1, https://goo.gl/fbAQLP

exports[`VerifyResults should render correctly 1`] = `
<body>
  <div>
    <div
      class="MuiBox-root css-kpx2h6"
      data-testid="valid-box"
    >
      <h5
        aria-label="Document is Valid"
        class="MuiTypography-root MuiTypography-h5 css-156doar-MuiTypography-root"
        tabindex="0"
      >
        Valid
      </h5>
    </div>
    <div
      class="css-z38lsx-MuiStack-root"
    >
      <div
        class="MuiBox-root css-0"
      >
        <h6
          class="MuiTypography-root MuiTypography-h6 css-2ulfj5-MuiTypography-root"
          tabindex="0"
        >
          Issued by:
        </h6>
        <h6
          class="MuiTypography-root MuiTypography-h6 css-tjvwag-MuiTypography-root"
          style="word-wrap: break-word;"
          tabindex="0"
        >
          did:key:123
        </h6>
      </div>
      <div
        class="MuiBox-root css-fv3lde"
        data-testid="proof"
      >
        <svg
          aria-hidden="true"
          class="MuiSvgIcon-root MuiSvgIcon-colorSuccess MuiSvgIcon-fontSizeMedium css-4b67si-MuiSvgIcon-root"
          data-testid="CheckCircleOutlineOutlinedIcon"
          focusable="false"
          viewBox="0 0 24 24"
        >
          <path
            d="M12 2C6.48 2 2 6.48 2 12s4.48 10 10 10 10-4.48 10-10S17.52 2 12 2zm0 18c-4.41 0-8-3.59-8-8s3.59-8 8-8 8 3.59 8 8-3.59 8-8 8zm4.59-12.42L10 14.17l-2.59-2.58L6 13l4 4 8-8z"
          />
        </svg>
        <p
          class="MuiTypography-root MuiTypography-body1 css-18x2lpd-MuiTypography-root"
          tabindex="0"
        >
          Document has not been tampered with
        </p>
      </div>
      <div
        class="MuiBox-root css-fv3lde"
        data-testid="status"
      >
        <svg
          aria-hidden="true"
          class="MuiSvgIcon-root MuiSvgIcon-colorSuccess MuiSvgIcon-fontSizeMedium css-4b67si-MuiSvgIcon-root"
          data-testid="CheckCircleOutlineOutlinedIcon"
          focusable="false"
          viewBox="0 0 24 24"
        >
          <path
            d="M12 2C6.48 2 2 6.48 2 12s4.48 10 10 10 10-4.48 10-10S17.52 2 12 2zm0 18c-4.41 0-8-3.59-8-8s3.59-8 8-8 8 3.59 8 8-3.59 8-8 8zm4.59-12.42L10 14.17l-2.59-2.58L6 13l4 4 8-8z"
          />
        </svg>
        <p
          class="MuiTypography-root MuiTypography-body1 css-18x2lpd-MuiTypography-root"
          tabindex="0"
        >
          Document has not been revoked
        </p>
      </div>
    </div>
  </div>
</body>
`;
